// Jest Snapshot v1, https://goo.gl/fbAQLP

exports[`Check User component should render User component correctly 1`] = `
<main>
  <div
    className="MainFlex"
  >
    <div
      className="User"
    >
      <div
        className="UserHead"
      >
        <div
          className="UserAva"
        >
          <img
            src="/dist/build/images/avatar.jpg"
          />
        </div>
        <div
          className="Info"
        >
          <div
            className="UserSubscribe"
          >
            <h2>
              testing
            </h2>
            <button
              className="MuiButtonBase-root MuiButton-root MuiButton-contained MuiButton-containedPrimary"
              disabled={false}
              onBlur={[Function]}
              onClick={[Function]}
              onDragLeave={[Function]}
              onFocus={[Function]}
              onKeyDown={[Function]}
              onKeyUp={[Function]}
              onMouseDown={[Function]}
              onMouseLeave={[Function]}
              onMouseUp={[Function]}
              onTouchEnd={[Function]}
              onTouchMove={[Function]}
              onTouchStart={[Function]}
              tabIndex={0}
              type="button"
            >
              <span
                className="MuiButton-label"
              >
                Подписаться
              </span>
            </button>
          </div>
          <div
            className="Counts"
          >
            <div>
              <b>
                5
              </b>
               публикаций
            </div>
            <div>
              <b>
                0
              </b>
               подписчиков
            </div>
            <div>
              <b>
                0
              </b>
               подписок
            </div>
          </div>
          <div>
            <b>
              Testing User
            </b>
          </div>
          <div>
            Description
          </div>
        </div>
      </div>
      <div
        className="PostContainer"
      >
        <div
          onClick={[Function]}
        >
          <img
            src="images/posts/https://cdn.pixabay.com/photo/2020/04/23/03/35/the-leaves-5080909_960_720.jpg"
          />
        </div>
        <div
          onClick={[Function]}
        >
          <img
            src="images/posts/https://cdn.pixabay.com/photo/2020/04/23/03/35/the-leaves-5080909_960_720.jpg"
          />
        </div>
        <div
          onClick={[Function]}
        >
          <img
            src="images/posts/https://cdn.pixabay.com/photo/2020/04/23/03/35/the-leaves-5080909_960_720.jpg"
          />
        </div>
        <div
          onClick={[Function]}
        >
          <img
            src="images/posts/https://cdn.pixabay.com/photo/2020/04/23/03/35/the-leaves-5080909_960_720.jpg"
          />
        </div>
        <div
          onClick={[Function]}
        >
          <img
            src="images/posts/https://cdn.pixabay.com/photo/2020/04/23/03/35/the-leaves-5080909_960_720.jpg"
          />
        </div>
      </div>
    </div>
  </div>
</main>
`;
